MPLINK 5.09, LINKER
Linker Map File - Created Thu Oct 27 08:32:18 2022

                                 Section Info
                  Section       Type    Address   Location Size(Bytes)
                ---------  ---------  ---------  ---------  ---------
                   .org_0       code   0x000000    program   0x000002
                   .cinit    romdata   0x000001    program   0x000004
                   .org_1       code   0x000004    program   0x00005c
.config_8007_BUILD/DEFAULT/PRODUCTION/ZAKLAD.       code   0x008007    program   0x000002
.config_8008_BUILD/DEFAULT/PRODUCTION/ZAKLAD.       code   0x008008    program   0x000002



                              Program Memory Usage 
                               Start         End      
                           ---------   ---------      
                            0x000000    0x000002      
                            0x000004    0x000031      
                            0x008007    0x008008      
            51 out of 4103 program addresses used, program memory utilization is 1%



                              Symbols - Sorted by Name
                     Name    Address   Location    Storage File                     
                ---------  ---------  ---------  --------- ---------                
               Config_IOs   0x00001f    program     static C:\Users\David\Desktop\Projects\KAS\CV5.X\CV5.X\Config_IOs.inc
                 Delay_ms   0x000016    program     static C:\Users\David\Desktop\Projects\KAS\CV5.X\CV5.X\Zaklad.asm
                     InLp   0x000019    program     static C:\Users\David\Desktop\Projects\KAS\CV5.X\CV5.X\Zaklad.asm
                     Main   0x00000b    program     static C:\Users\David\Desktop\Projects\KAS\CV5.X\CV5.X\Zaklad.asm
                    OutLp   0x000017    program     static C:\Users\David\Desktop\Projects\KAS\CV5.X\CV5.X\Zaklad.asm
                    Start   0x000006    program     static C:\Users\David\Desktop\Projects\KAS\CV5.X\CV5.X\Zaklad.asm



                              Symbols - Sorted by Address
                     Name    Address   Location    Storage File                     
                ---------  ---------  ---------  --------- ---------                
                    Start   0x000006    program     static C:\Users\David\Desktop\Projects\KAS\CV5.X\CV5.X\Zaklad.asm
                     Main   0x00000b    program     static C:\Users\David\Desktop\Projects\KAS\CV5.X\CV5.X\Zaklad.asm
                 Delay_ms   0x000016    program     static C:\Users\David\Desktop\Projects\KAS\CV5.X\CV5.X\Zaklad.asm
                    OutLp   0x000017    program     static C:\Users\David\Desktop\Projects\KAS\CV5.X\CV5.X\Zaklad.asm
                     InLp   0x000019    program     static C:\Users\David\Desktop\Projects\KAS\CV5.X\CV5.X\Zaklad.asm
               Config_IOs   0x00001f    program     static C:\Users\David\Desktop\Projects\KAS\CV5.X\CV5.X\Config_IOs.inc


