MPLINK 5.09, LINKER
Linker Map File - Created Thu Nov 10 08:36:09 2022

                                 Section Info
                  Section       Type    Address   Location Size(Bytes)
                ---------  ---------  ---------  ---------  ---------
                   .org_0       code   0x000000    program   0x000002
                   .cinit    romdata   0x000001    program   0x000004
                   .org_1       code   0x000004    program   0x000166
.config_8007_BUILD/DEFAULT/PRODUCTION/ZAKLAD.       code   0x008007    program   0x000002
.config_8008_BUILD/DEFAULT/PRODUCTION/ZAKLAD.       code   0x008008    program   0x000002



                              Program Memory Usage 
                               Start         End      
                           ---------   ---------      
                            0x000000    0x000002      
                            0x000004    0x0000b6      
                            0x008007    0x008008      
            184 out of 4103 program addresses used, program memory utilization is 4%



                              Symbols - Sorted by Name
                     Name    Address   Location    Storage File                     
                ---------  ---------  ---------  --------- ---------                
                   BT2Int   0x000011    program     static C:\Users\David\Desktop\Projects\KAS\CV7.X\CV7.X\Zaklad.asm
                  Bin2Bcd   0x00007b    program     static C:\Users\David\Desktop\Projects\KAS\CV7.X\CV7.X\Display.inc
                 Byte2Seg   0x00009a    program     static C:\Users\David\Desktop\Projects\KAS\CV7.X\CV7.X\Display.inc
               Config_IOs   0x00004e    program     static C:\Users\David\Desktop\Projects\KAS\CV7.X\CV7.X\Config_IOs.inc
               Config_SPI   0x000061    program     static C:\Users\David\Desktop\Projects\KAS\CV7.X\CV7.X\Display.inc
                 Delay100   0x000044    program     static C:\Users\David\Desktop\Projects\KAS\CV7.X\CV7.X\Zaklad.asm
                 Delay_ms   0x000045    program     static C:\Users\David\Desktop\Projects\KAS\CV7.X\CV7.X\Zaklad.asm
                     Loop   0x00002d    program     static C:\Users\David\Desktop\Projects\KAS\CV7.X\CV7.X\Zaklad.asm
                    OutLp   0x000046    program     static C:\Users\David\Desktop\Projects\KAS\CV7.X\CV7.X\Zaklad.asm
               SendByte7S   0x0000ac    program     static C:\Users\David\Desktop\Projects\KAS\CV7.X\CV7.X\Display.inc
                   ShLoop   0x000086    program     static C:\Users\David\Desktop\Projects\KAS\CV7.X\CV7.X\Display.inc
                    Start   0x00001b    program     static C:\Users\David\Desktop\Projects\KAS\CV7.X\CV7.X\Zaklad.asm
             _.org_1_0030   0x000030    program     static C:\Users\David\Desktop\Projects\KAS\CV7.X\CV7.X\Zaklad.asm
             _.org_1_004A   0x00004a    program     static C:\Users\David\Desktop\Projects\KAS\CV7.X\CV7.X\Zaklad.asm
             _.org_1_006B   0x00006b    program     static C:\Users\David\Desktop\Projects\KAS\CV7.X\CV7.X\Display.inc
             _.org_1_0070   0x000070    program     static C:\Users\David\Desktop\Projects\KAS\CV7.X\CV7.X\Display.inc
             _.org_1_0075   0x000075    program     static C:\Users\David\Desktop\Projects\KAS\CV7.X\CV7.X\Display.inc
             _.org_1_00B1   0x0000b1    program     static C:\Users\David\Desktop\Projects\KAS\CV7.X\CV7.X\Display.inc



                              Symbols - Sorted by Address
                     Name    Address   Location    Storage File                     
                ---------  ---------  ---------  --------- ---------                
                   BT2Int   0x000011    program     static C:\Users\David\Desktop\Projects\KAS\CV7.X\CV7.X\Zaklad.asm
                    Start   0x00001b    program     static C:\Users\David\Desktop\Projects\KAS\CV7.X\CV7.X\Zaklad.asm
                     Loop   0x00002d    program     static C:\Users\David\Desktop\Projects\KAS\CV7.X\CV7.X\Zaklad.asm
             _.org_1_0030   0x000030    program     static C:\Users\David\Desktop\Projects\KAS\CV7.X\CV7.X\Zaklad.asm
                 Delay100   0x000044    program     static C:\Users\David\Desktop\Projects\KAS\CV7.X\CV7.X\Zaklad.asm
                 Delay_ms   0x000045    program     static C:\Users\David\Desktop\Projects\KAS\CV7.X\CV7.X\Zaklad.asm
                    OutLp   0x000046    program     static C:\Users\David\Desktop\Projects\KAS\CV7.X\CV7.X\Zaklad.asm
             _.org_1_004A   0x00004a    program     static C:\Users\David\Desktop\Projects\KAS\CV7.X\CV7.X\Zaklad.asm
               Config_IOs   0x00004e    program     static C:\Users\David\Desktop\Projects\KAS\CV7.X\CV7.X\Config_IOs.inc
               Config_SPI   0x000061    program     static C:\Users\David\Desktop\Projects\KAS\CV7.X\CV7.X\Display.inc
             _.org_1_006B   0x00006b    program     static C:\Users\David\Desktop\Projects\KAS\CV7.X\CV7.X\Display.inc
             _.org_1_0070   0x000070    program     static C:\Users\David\Desktop\Projects\KAS\CV7.X\CV7.X\Display.inc
             _.org_1_0075   0x000075    program     static C:\Users\David\Desktop\Projects\KAS\CV7.X\CV7.X\Display.inc
                  Bin2Bcd   0x00007b    program     static C:\Users\David\Desktop\Projects\KAS\CV7.X\CV7.X\Display.inc
                   ShLoop   0x000086    program     static C:\Users\David\Desktop\Projects\KAS\CV7.X\CV7.X\Display.inc
                 Byte2Seg   0x00009a    program     static C:\Users\David\Desktop\Projects\KAS\CV7.X\CV7.X\Display.inc
               SendByte7S   0x0000ac    program     static C:\Users\David\Desktop\Projects\KAS\CV7.X\CV7.X\Display.inc
             _.org_1_00B1   0x0000b1    program     static C:\Users\David\Desktop\Projects\KAS\CV7.X\CV7.X\Display.inc


