MPLINK 5.09, LINKER
Linker Map File - Created Thu Oct 20 08:29:52 2022

                                 Section Info
                  Section       Type    Address   Location Size(Bytes)
                ---------  ---------  ---------  ---------  ---------
                   .org_0       code   0x000000    program   0x000002
                   .cinit    romdata   0x000001    program   0x000004
                   .org_1       code   0x000004    program   0x00003e
.config_8007_BUILD/DEFAULT/PRODUCTION/MAIN.O       code   0x008007    program   0x000002
.config_8008_BUILD/DEFAULT/PRODUCTION/MAIN.O       code   0x008008    program   0x000002



                              Program Memory Usage 
                               Start         End      
                           ---------   ---------      
                            0x000000    0x000002      
                            0x000004    0x000022      
                            0x008007    0x008008      
            36 out of 4103 program addresses used, program memory utilization is 0%



                              Symbols - Sorted by Name
                     Name    Address   Location    Storage File                     
                ---------  ---------  ---------  --------- ---------                
               Config_IOs   0x000010    program     static C:\Users\David\Desktop\Projects\KAS\CV04\RSKO.X\Config_IOs.inc
                     Loop   0x00000b    program     static C:\Users\David\Desktop\Projects\KAS\CV04\RSKO.X\main.asm
                    Start   0x000006    program     static C:\Users\David\Desktop\Projects\KAS\CV04\RSKO.X\main.asm



                              Symbols - Sorted by Address
                     Name    Address   Location    Storage File                     
                ---------  ---------  ---------  --------- ---------                
                    Start   0x000006    program     static C:\Users\David\Desktop\Projects\KAS\CV04\RSKO.X\main.asm
                     Loop   0x00000b    program     static C:\Users\David\Desktop\Projects\KAS\CV04\RSKO.X\main.asm
               Config_IOs   0x000010    program     static C:\Users\David\Desktop\Projects\KAS\CV04\RSKO.X\Config_IOs.inc


