MPLINK 5.09, LINKER
Linker Map File - Created Thu Nov 24 08:36:04 2022

                                 Section Info
                  Section       Type    Address   Location Size(Bytes)
                ---------  ---------  ---------  ---------  ---------
                   .org_0       code   0x000000    program   0x000002
                   .cinit    romdata   0x000001    program   0x000004
                   .org_1       code   0x000004    program   0x000094
.config_8007_BUILD/DEFAULT/PRODUCTION/ZAKLAD.       code   0x008007    program   0x000002
.config_8008_BUILD/DEFAULT/PRODUCTION/ZAKLAD.       code   0x008008    program   0x000002



                              Program Memory Usage 
                               Start         End      
                           ---------   ---------      
                            0x000000    0x000002      
                            0x000004    0x00004d      
                            0x008007    0x008008      
            79 out of 4103 program addresses used, program memory utilization is 1%



                              Symbols - Sorted by Name
                     Name    Address   Location    Storage File                     
                ---------  ---------  ---------  --------- ---------                
               Config_IOs   0x00003b    program     static C:\Users\David\Desktop\Projects\KAS\CV8.X\CV8.X\Config_IOs.inc
                     Loop   0x000016    program     static C:\Users\David\Desktop\Projects\KAS\CV8.X\CV8.X\Zaklad.asm
                   Output   0x000023    program     static C:\Users\David\Desktop\Projects\KAS\CV8.X\CV8.X\Zaklad.asm
                     Send   0x000036    program     static C:\Users\David\Desktop\Projects\KAS\CV8.X\CV8.X\Zaklad.asm
                    Start   0x000006    program     static C:\Users\David\Desktop\Projects\KAS\CV8.X\CV8.X\Zaklad.asm
             _.org_1_0017   0x000017    program     static C:\Users\David\Desktop\Projects\KAS\CV8.X\CV8.X\Zaklad.asm
             _.org_1_0021   0x000021    program     static C:\Users\David\Desktop\Projects\KAS\CV8.X\CV8.X\Zaklad.asm
             _.org_1_0038   0x000038    program     static C:\Users\David\Desktop\Projects\KAS\CV8.X\CV8.X\Zaklad.asm



                              Symbols - Sorted by Address
                     Name    Address   Location    Storage File                     
                ---------  ---------  ---------  --------- ---------                
                    Start   0x000006    program     static C:\Users\David\Desktop\Projects\KAS\CV8.X\CV8.X\Zaklad.asm
                     Loop   0x000016    program     static C:\Users\David\Desktop\Projects\KAS\CV8.X\CV8.X\Zaklad.asm
             _.org_1_0017   0x000017    program     static C:\Users\David\Desktop\Projects\KAS\CV8.X\CV8.X\Zaklad.asm
             _.org_1_0021   0x000021    program     static C:\Users\David\Desktop\Projects\KAS\CV8.X\CV8.X\Zaklad.asm
                   Output   0x000023    program     static C:\Users\David\Desktop\Projects\KAS\CV8.X\CV8.X\Zaklad.asm
                     Send   0x000036    program     static C:\Users\David\Desktop\Projects\KAS\CV8.X\CV8.X\Zaklad.asm
             _.org_1_0038   0x000038    program     static C:\Users\David\Desktop\Projects\KAS\CV8.X\CV8.X\Zaklad.asm
               Config_IOs   0x00003b    program     static C:\Users\David\Desktop\Projects\KAS\CV8.X\CV8.X\Config_IOs.inc


