MPLINK 5.09, LINKER
Linker Map File - Created Thu Nov 03 08:29:42 2022

                                 Section Info
                  Section       Type    Address   Location Size(Bytes)
                ---------  ---------  ---------  ---------  ---------
                   .org_0       code   0x000000    program   0x000002
                   .cinit    romdata   0x000001    program   0x000004
                   .org_1       code   0x000004    program   0x000144
.config_8007_BUILD/DEFAULT/PRODUCTION/ZAKLAD.       code   0x008007    program   0x000002
.config_8008_BUILD/DEFAULT/PRODUCTION/ZAKLAD.       code   0x008008    program   0x000002



                              Program Memory Usage 
                               Start         End      
                           ---------   ---------      
                            0x000000    0x000002      
                            0x000004    0x0000a5      
                            0x008007    0x008008      
            167 out of 4103 program addresses used, program memory utilization is 4%



                              Symbols - Sorted by Name
                     Name    Address   Location    Storage File                     
                ---------  ---------  ---------  --------- ---------                
                    BLoop   0x00001e    program     static C:\Users\David\Desktop\Projects\KAS\CV6.X\CV6.X\Zaklad.asm
                     BT1H   0x000027    program     static C:\Users\David\Desktop\Projects\KAS\CV6.X\CV6.X\Zaklad.asm
                     BT1L   0x00001f    program     static C:\Users\David\Desktop\Projects\KAS\CV6.X\CV6.X\Zaklad.asm
                     BT2H   0x00002e    program     static C:\Users\David\Desktop\Projects\KAS\CV6.X\CV6.X\Zaklad.asm
                  Bin2Bcd   0x00006a    program     static C:\Users\David\Desktop\Projects\KAS\CV6.X\CV6.X\Display.inc
                 Byte2Seg   0x000089    program     static C:\Users\David\Desktop\Projects\KAS\CV6.X\CV6.X\Display.inc
               Config_IOs   0x00003d    program     static C:\Users\David\Desktop\Projects\KAS\CV6.X\CV6.X\Config_IOs.inc
               Config_SPI   0x000050    program     static C:\Users\David\Desktop\Projects\KAS\CV6.X\CV6.X\Display.inc
                 Delay100   0x000033    program     static C:\Users\David\Desktop\Projects\KAS\CV6.X\CV6.X\Zaklad.asm
                 Delay_ms   0x000034    program     static C:\Users\David\Desktop\Projects\KAS\CV6.X\CV6.X\Zaklad.asm
                     Loop   0x00000d    program     static C:\Users\David\Desktop\Projects\KAS\CV6.X\CV6.X\Zaklad.asm
                     Main   0x00000c    program     static C:\Users\David\Desktop\Projects\KAS\CV6.X\CV6.X\Zaklad.asm
                    OutLp   0x000035    program     static C:\Users\David\Desktop\Projects\KAS\CV6.X\CV6.X\Zaklad.asm
                   RReset   0x00002c    program     static C:\Users\David\Desktop\Projects\KAS\CV6.X\CV6.X\Zaklad.asm
               SendByte7S   0x00009b    program     static C:\Users\David\Desktop\Projects\KAS\CV6.X\CV6.X\Display.inc
                   ShLoop   0x000075    program     static C:\Users\David\Desktop\Projects\KAS\CV6.X\CV6.X\Display.inc
                    Start   0x000006    program     static C:\Users\David\Desktop\Projects\KAS\CV6.X\CV6.X\Zaklad.asm
             _.org_1_0028   0x000028    program     static C:\Users\David\Desktop\Projects\KAS\CV6.X\CV6.X\Zaklad.asm
             _.org_1_002F   0x00002f    program     static C:\Users\David\Desktop\Projects\KAS\CV6.X\CV6.X\Zaklad.asm
             _.org_1_0039   0x000039    program     static C:\Users\David\Desktop\Projects\KAS\CV6.X\CV6.X\Zaklad.asm
             _.org_1_005A   0x00005a    program     static C:\Users\David\Desktop\Projects\KAS\CV6.X\CV6.X\Display.inc
             _.org_1_005F   0x00005f    program     static C:\Users\David\Desktop\Projects\KAS\CV6.X\CV6.X\Display.inc
             _.org_1_0064   0x000064    program     static C:\Users\David\Desktop\Projects\KAS\CV6.X\CV6.X\Display.inc
             _.org_1_00A0   0x0000a0    program     static C:\Users\David\Desktop\Projects\KAS\CV6.X\CV6.X\Display.inc



                              Symbols - Sorted by Address
                     Name    Address   Location    Storage File                     
                ---------  ---------  ---------  --------- ---------                
                    Start   0x000006    program     static C:\Users\David\Desktop\Projects\KAS\CV6.X\CV6.X\Zaklad.asm
                     Main   0x00000c    program     static C:\Users\David\Desktop\Projects\KAS\CV6.X\CV6.X\Zaklad.asm
                     Loop   0x00000d    program     static C:\Users\David\Desktop\Projects\KAS\CV6.X\CV6.X\Zaklad.asm
                    BLoop   0x00001e    program     static C:\Users\David\Desktop\Projects\KAS\CV6.X\CV6.X\Zaklad.asm
                     BT1L   0x00001f    program     static C:\Users\David\Desktop\Projects\KAS\CV6.X\CV6.X\Zaklad.asm
                     BT1H   0x000027    program     static C:\Users\David\Desktop\Projects\KAS\CV6.X\CV6.X\Zaklad.asm
             _.org_1_0028   0x000028    program     static C:\Users\David\Desktop\Projects\KAS\CV6.X\CV6.X\Zaklad.asm
                   RReset   0x00002c    program     static C:\Users\David\Desktop\Projects\KAS\CV6.X\CV6.X\Zaklad.asm
                     BT2H   0x00002e    program     static C:\Users\David\Desktop\Projects\KAS\CV6.X\CV6.X\Zaklad.asm
             _.org_1_002F   0x00002f    program     static C:\Users\David\Desktop\Projects\KAS\CV6.X\CV6.X\Zaklad.asm
                 Delay100   0x000033    program     static C:\Users\David\Desktop\Projects\KAS\CV6.X\CV6.X\Zaklad.asm
                 Delay_ms   0x000034    program     static C:\Users\David\Desktop\Projects\KAS\CV6.X\CV6.X\Zaklad.asm
                    OutLp   0x000035    program     static C:\Users\David\Desktop\Projects\KAS\CV6.X\CV6.X\Zaklad.asm
             _.org_1_0039   0x000039    program     static C:\Users\David\Desktop\Projects\KAS\CV6.X\CV6.X\Zaklad.asm
               Config_IOs   0x00003d    program     static C:\Users\David\Desktop\Projects\KAS\CV6.X\CV6.X\Config_IOs.inc
               Config_SPI   0x000050    program     static C:\Users\David\Desktop\Projects\KAS\CV6.X\CV6.X\Display.inc
             _.org_1_005A   0x00005a    program     static C:\Users\David\Desktop\Projects\KAS\CV6.X\CV6.X\Display.inc
             _.org_1_005F   0x00005f    program     static C:\Users\David\Desktop\Projects\KAS\CV6.X\CV6.X\Display.inc
             _.org_1_0064   0x000064    program     static C:\Users\David\Desktop\Projects\KAS\CV6.X\CV6.X\Display.inc
                  Bin2Bcd   0x00006a    program     static C:\Users\David\Desktop\Projects\KAS\CV6.X\CV6.X\Display.inc
                   ShLoop   0x000075    program     static C:\Users\David\Desktop\Projects\KAS\CV6.X\CV6.X\Display.inc
                 Byte2Seg   0x000089    program     static C:\Users\David\Desktop\Projects\KAS\CV6.X\CV6.X\Display.inc
               SendByte7S   0x00009b    program     static C:\Users\David\Desktop\Projects\KAS\CV6.X\CV6.X\Display.inc
             _.org_1_00A0   0x0000a0    program     static C:\Users\David\Desktop\Projects\KAS\CV6.X\CV6.X\Display.inc


